
> ahmed_hamed@0.0.0 build
> vite build

[36mvite v8.0.2 [32mbuilding client environment for production...[36m[39m
[2K
transforming...Γ£ô 79 modules transformed.
node.exe : 
[31mΓ£ù[39m Build 
failed in 967ms
At C:\Program Files\nod
ejs\npm.ps1:29 char:3
+   & $NODE_EXE 
$NPM_CLI_JS $args
+   ~~~~~~~~~~~~~~~~~~~
~~~~~~~~~~
    + CategoryInfo     
         : NotSpecifi  
  ed: ([31mΓ£ù[39m   
  Build failed in 9    
67ms:String) [], R    
emoteException
    + FullyQualifiedEr 
   rorId : NativeComm  
  andError
 
[31merror during 
build:
[31mBuild failed with 
1 error:

[31m[UNRESOLVED_IMPORT
] Error:[0m Could not 
resolve '../../assets/a
hmed.jpeg' in src/compo
nents/sections/Hero.jsx
   [38;5;246mΓò¡[0m[
38;5;246mΓöÇ[0m[38;5;
246m[[0m src/component
s/sections/Hero.jsx:6:2
4 [38;5;246m][0m
   [38;5;246mΓöé[0m
 [38;5;246m6 Γöé[0m 
[38;5;249mi[0m[38;5;2
49mm[0m[38;5;249mp[0
m[38;5;249mo[0m[38;5
;249mr[0m[38;5;249mt
[0m[38;5;249m [0m[38
;5;249ma[0m[38;5;249m
h[0m[38;5;249mm[0m[
38;5;249me[0m[38;5;24
9md[0m[38;5;249mI[0m
[38;5;249mm[0m[38;5;
249ma[0m[38;5;249mg[
0m[38;5;249me[0m[38;
5;249m [0m[38;5;249mf
[0m[38;5;249mr[0m[3
8;5;249mo[0m[38;5;249
mm[0m[38;5;249m [0m"
../../assets/ahmed.jpeg
"[38;5;249m;[0m
 [38;5;240m  Γöé[0m  
                      Γ
öÇΓöÇΓöÇΓöÇΓöÇΓöÇΓöÇΓöÇ
ΓöÇΓöÇΓöÇΓöÇΓö¼ΓöÇΓöÇΓö
ÇΓöÇΓöÇΓöÇΓöÇΓöÇΓöÇΓöÇΓ
öÇΓöÇ  
 [38;5;240m  Γöé[0m  
                       
           Γò░ΓöÇΓöÇΓöÇ
ΓöÇΓöÇΓöÇΓöÇΓöÇΓöÇΓöÇΓö
ÇΓöÇΓöÇΓöÇ Module not 
found.
 [38;5;240m  Γöé[0m 
 [38;5;240m  Γöé[0m 
[38;5;115mHelp[0m: 's
rc/components/sections/
Hero.jsx' is imported 
by the following path:
 [38;5;240m  Γöé[0m  
       - src/components
/sections/Hero.jsx
 [38;5;240m  Γöé[0m  
       - src/App.jsx
 [38;5;240m  Γöé[0m  
       - src/main.jsx
 [38;5;240m  Γöé[0m  
       - index.html
[38;5;246mΓöÇΓöÇΓöÇΓò»
[0m
[31m
    at aggregateBinding
ErrorsIntoJsError (file
:///C:/Users/asing/OneD
rive/Desktop/ahmed_hame
d/node_modules/rolldown
/dist/shared/error-D8cG
yrC7.mjs:48:18)
    at 
unwrapBindingResult (fi
le:///C:/Users/asing/On
eDrive/Desktop/ahmed_ha
med/node_modules/rolldo
wn/dist/shared/error-D8
cGyrC7.mjs:18:128)
    at #build (file:///
C:/Users/asing/OneDrive
/Desktop/ahmed_hamed/no
de_modules/rolldown/dis
t/shared/rolldown-build
-CL9PyQ2E.mjs:3313:34)
    at async 
buildEnvironment (file:
///C:/Users/asing/OneDr
ive/Desktop/ahmed_hamed
/node_modules/vite/dist
/node/chunks/node.js:32
829:64)
    at async 
Object.build (file:///C
:/Users/asing/OneDrive/
Desktop/ahmed_hamed/nod
e_modules/vite/dist/nod
e/chunks/node.js:33251:
19)
    at async 
Object.buildApp (file:/
//C:/Users/asing/OneDri
ve/Desktop/ahmed_hamed/
node_modules/vite/dist/
node/chunks/node.js:332
48:153)
    at async 
CAC.<anonymous> (file:/
//C:/Users/asing/OneDri
ve/Desktop/ahmed_hamed/
node_modules/vite/dist/
node/cli.js:778:3) {
  errors: 
[Getter/Setter]
}[39m
